Lanzada por el usuario admin
[Pipeline] Start of Pipeline
[Pipeline] node
Running on Jenkins  in C:\ProgramData\Jenkins\.jenkins\workspace\P24\practica1.1\apartado2
[Pipeline] {
[Pipeline] stage
[Pipeline] { (Hello)
[Pipeline] echo
Hello World
[Pipeline] bat

C:\ProgramData\Jenkins\.jenkins\workspace\P24\practica1.1\apartado2>whoami
nt authority\system
[Pipeline] }
[Pipeline] // stage
[Pipeline] stage
[Pipeline] { (GIT)
[Pipeline] echo
Download git repository
[Pipeline] git
Selected Git installation does not exist. Using Default
The recommended git tool is: NONE
No credentials specified
 > git.exe rev-parse --resolve-git-dir C:\ProgramData\Jenkins\.jenkins\workspace\P24\practica1.1\apartado2\.git # timeout=10
Fetching changes from the remote Git repository
 > git.exe config remote.origin.url https://github.com/macunagutierrez/practica1a.git # timeout=10
Fetching upstream changes from https://github.com/macunagutierrez/practica1a.git
 > git.exe --version # timeout=10
 > git --version # 'git version 2.44.0.windows.1'
 > git.exe fetch --tags --force --progress -- https://github.com/macunagutierrez/practica1a.git +refs/heads/*:refs/remotes/origin/* # timeout=10
 > git.exe rev-parse "refs/remotes/origin/master^{commit}" # timeout=10
Checking out Revision 8101408eeaaed6b84df08c3def4b212082fa25d6 (refs/remotes/origin/master)
 > git.exe config core.sparsecheckout # timeout=10
 > git.exe checkout -f 8101408eeaaed6b84df08c3def4b212082fa25d6 # timeout=10
 > git.exe branch -a -v --no-abbrev # timeout=10
 > git.exe branch -D master # timeout=10
 > git.exe checkout -b master 8101408eeaaed6b84df08c3def4b212082fa25d6 # timeout=10
Commit message: "AGENTES SEPARADOS"
 > git.exe rev-list --no-walk 8101408eeaaed6b84df08c3def4b212082fa25d6 # timeout=10
[Pipeline] }
[Pipeline] // stage
[Pipeline] stage
[Pipeline] { (Comprobaciones)
[Pipeline] echo
Comprobaciones de descarga de repositorio
[Pipeline] echo
C:\ProgramData\Jenkins\.jenkins\workspace\P24\practica1.1\apartado2
[Pipeline] bat

C:\ProgramData\Jenkins\.jenkins\workspace\P24\practica1.1\apartado2>dir
 El volumen de la unidad C no tiene etiqueta.
 El nï¿½mero de serie del volumen es: 9427-9190

 Directorio de C:\ProgramData\Jenkins\.jenkins\workspace\P24\practica1.1\apartado2

30/04/2024  13:33    <DIR>          .
30/04/2024  13:33    <DIR>          ..
30/04/2024  13:28                40 .gitignore
30/04/2024  13:33    <DIR>          .pytest_cache
30/04/2024  13:33    <DIR>          app
30/04/2024  13:28    <DIR>          jenkins
30/04/2024  13:28               175 pytest.ini
30/04/2024  13:28               418 README.md
30/04/2024  13:33               394 result-rest.xml
30/04/2024  13:33             1.516 result-unit.xml
30/04/2024  13:28    <DIR>          test
               5 archivos          2.543 bytes
               6 dirs  448.026.910.720 bytes libres
[Pipeline] stash
Stashed 31 file(s)
[Pipeline] }
[Pipeline] // stage
[Pipeline] stage
[Pipeline] { (Build)
[Pipeline] echo
Stage Build no hace nada
[Pipeline] }
[Pipeline] // stage
[Pipeline] stage
[Pipeline] { (TEST unitarios)
[Pipeline] node
Running on agente2 in C:\agentes\agente2\workspace\P24\practica1.1\apartado2
[Pipeline] {
[Pipeline] catchError
[Pipeline] {
[Pipeline] unstash
[Pipeline] bat

C:\agentes\agente2\workspace\P24\practica1.1\apartado2>whoami
desktop-oouuh3n\miguel

C:\agentes\agente2\workspace\P24\practica1.1\apartado2>set PYTHONPATH=C:\agentes\agente2\workspace\P24\practica1.1\apartado2 

C:\agentes\agente2\workspace\P24\practica1.1\apartado2>python --version 
Python 3.11.9

C:\agentes\agente2\workspace\P24\practica1.1\apartado2>python -m pytest --junitxml=result-unit.xml test/unit 
============================= test session starts =============================
platform win32 -- Python 3.11.9, pytest-8.1.1, pluggy-1.5.0
rootdir: C:\agentes\agente2\workspace\P24\practica1.1\apartado2
configfile: pytest.ini
collected 11 items

test\unit\calc_test.py .........                                         [ 81%]
test\unit\util_test.py ..                                                [100%]

- generated xml file: C:\agentes\agente2\workspace\P24\practica1.1\apartado2\result-unit.xml -
============================= 11 passed in 0.04s ==============================
[Pipeline] stash
Stashed 31 file(s)
[Pipeline] }
[Pipeline] // catchError
[Pipeline] }
[Pipeline] // node
[Pipeline] }
[Pipeline] // stage
[Pipeline] stage
[Pipeline] { (TEST integracion)
[Pipeline] node
Running on agente1 in C:\agentes\agente1\workspace\P24\practica1.1\apartado2
[Pipeline] {
[Pipeline] unstash
[Pipeline] bat

C:\agentes\agente1\workspace\P24\practica1.1\apartado2>whoami
desktop-oouuh3n\miguel

C:\agentes\agente1\workspace\P24\practica1.1\apartado2>set PYTHONPATH=C:\agentes\agente1\workspace\P24\practica1.1\apartado2 

C:\agentes\agente1\workspace\P24\practica1.1\apartado2>set FLASK_APP=app/api.py 

C:\agentes\agente1\workspace\P24\practica1.1\apartado2>start flask run 

C:\agentes\agente1\workspace\P24\practica1.1\apartado2>start java -jar C:\unir\programas\wiremock-standalone-3.5.4.jar --port 9090 --root-dir test\wiremock 

C:\agentes\agente1\workspace\P24\practica1.1\apartado2>python --version 
Python 3.11.9

C:\agentes\agente1\workspace\P24\practica1.1\apartado2>python -m pytest --junitxml=result-rest.xml test/rest 
============================= test session starts =============================
platform win32 -- Python 3.11.9, pytest-8.1.1, pluggy-1.5.0
rootdir: C:\agentes\agente1\workspace\P24\practica1.1\apartado2
configfile: pytest.ini
collected 2 items

test\rest\api_test.py ..                                                 [100%]

- generated xml file: C:\agentes\agente1\workspace\P24\practica1.1\apartado2\result-rest.xml -
============================== 2 passed in 2.18s ==============================
[Pipeline] stash
Stashed 31 file(s)
[Pipeline] }
[Pipeline] // node
[Pipeline] }
[Pipeline] // stage
[Pipeline] stage
[Pipeline] { (Result)
[Pipeline] unstash
[Pipeline] unstash
[Pipeline] junit
Grabando resultados de tests
[Checks API] No suitable checks publisher found.
[Pipeline] echo
FINISH!!!
[Pipeline] }
[Pipeline] // stage
[Pipeline] }
[Pipeline] // node
[Pipeline] End of Pipeline
Finished: SUCCESS